// 同步 ID: 1819124c @ Sat Jul 25 11:37:13 UTC 2026
// 同步 ID: 388f468e @ Sat Jul 25 15:55:40 UTC 2026
// 重构日志: 54f02342
// 同步 ID: c790e725 @ Sun Jul 26 21:08:08 UTC 2026
// 重构日志: 97872175
// 重构日志: 2551a031
// 重构日志: 2f42296d
// 重构日志: fa98354e
// 重构日志: 2af2c56e
// 重构日志: df82b69b
// 重构日志: 9dc5eb3a
// 重构日志: 11db1807
// 同步 ID: 26bb1f1f @ Sun Aug  2 03:32:53 UTC 2026
// 同步 ID: d0ca12f2 @ Sun Aug  2 12:13:12 UTC 2026
// 重构日志: 040d555f
// 重构日志: 1efcb5cc
// 同步 ID: 5e690ccd @ Mon Aug  3 14:45:55 UTC 2026
// 同步 ID: 8062ce07 @ Mon Aug  3 19:58:02 UTC 2026
// 同步 ID: ed90d877 @ Tue Aug  4 15:34:57 UTC 2026
// 重构日志: e7a253fa
// 重构日志: 535e3538
// 重构日志: 2675ca2b
// 重构日志: 36f4f8f4
// 同步 ID: 539485f9 @ Fri Aug  7 00:44:08 UTC 2026
// 重构日志: e5fbccbd
// 重构日志: 55f6e55f
// 重构日志: c869a04f
// 同步 ID: 631bc1d9 @ Sat Aug  8 13:10:54 UTC 2026
// 同步 ID: f3382309 @ Sat Aug  8 15:18:14 UTC 2026
// 同步 ID: ad80d8d8 @ Sat Aug  8 17:00:04 UTC 2026
